Archive member included to satisfy reference by file (symbol)

/Users/jaredwuerzburger/Library/Application Support/Pebble SDK/SDKs/current/sdk-core/pebble/aplite/lib/libpebble.a(tmp7jpKUopebble.o)
                              src/c/Pebble Points.c.57.o (app_event_loop)
/Users/jaredwuerzburger/Library/Application Support/Pebble SDK/SDKs/4.9.148/toolchain/arm-none-eabi/bin/../lib/gcc/arm-none-eabi/14.2.1/../../../../arm-none-eabi/lib/thumb/v7-m/nofp/libc.a(libc_a-atexit.o)
                              /Users/jaredwuerzburger/Library/Application Support/Pebble SDK/SDKs/4.9.148/toolchain/arm-none-eabi/bin/../lib/gcc/arm-none-eabi/14.2.1/../../../../arm-none-eabi/lib/thumb/v7-m/nofp/crt0.o (atexit)
/Users/jaredwuerzburger/Library/Application Support/Pebble SDK/SDKs/4.9.148/toolchain/arm-none-eabi/bin/../lib/gcc/arm-none-eabi/14.2.1/../../../../arm-none-eabi/lib/thumb/v7-m/nofp/libc.a(libc_a-exit.o)
                              /Users/jaredwuerzburger/Library/Application Support/Pebble SDK/SDKs/4.9.148/toolchain/arm-none-eabi/bin/../lib/gcc/arm-none-eabi/14.2.1/../../../../arm-none-eabi/lib/thumb/v7-m/nofp/crt0.o (exit)
/Users/jaredwuerzburger/Library/Application Support/Pebble SDK/SDKs/4.9.148/toolchain/arm-none-eabi/bin/../lib/gcc/arm-none-eabi/14.2.1/../../../../arm-none-eabi/lib/thumb/v7-m/nofp/libc.a(libc_a-findfp.o)
                              /Users/jaredwuerzburger/Library/Application Support/Pebble SDK/SDKs/4.9.148/toolchain/arm-none-eabi/bin/../lib/gcc/arm-none-eabi/14.2.1/../../../../arm-none-eabi/lib/thumb/v7-m/nofp/libc.a(libc_a-exit.o) (__stdio_exit_handler)
/Users/jaredwuerzburger/Library/Application Support/Pebble SDK/SDKs/4.9.148/toolchain/arm-none-eabi/bin/../lib/gcc/arm-none-eabi/14.2.1/../../../../arm-none-eabi/lib/thumb/v7-m/nofp/libc.a(libc_a-impure.o)
                              /Users/jaredwuerzburger/Library/Application Support/Pebble SDK/SDKs/4.9.148/toolchain/arm-none-eabi/bin/../lib/gcc/arm-none-eabi/14.2.1/../../../../arm-none-eabi/lib/thumb/v7-m/nofp/libc.a(libc_a-findfp.o) (_impure_data)
/Users/jaredwuerzburger/Library/Application Support/Pebble SDK/SDKs/4.9.148/toolchain/arm-none-eabi/bin/../lib/gcc/arm-none-eabi/14.2.1/../../../../arm-none-eabi/lib/thumb/v7-m/nofp/libc.a(libc_a-init.o)
                              /Users/jaredwuerzburger/Library/Application Support/Pebble SDK/SDKs/4.9.148/toolchain/arm-none-eabi/bin/../lib/gcc/arm-none-eabi/14.2.1/../../../../arm-none-eabi/lib/thumb/v7-m/nofp/crt0.o (__libc_init_array)
/Users/jaredwuerzburger/Library/Application Support/Pebble SDK/SDKs/4.9.148/toolchain/arm-none-eabi/bin/../lib/gcc/arm-none-eabi/14.2.1/../../../../arm-none-eabi/lib/thumb/v7-m/nofp/libc.a(libc_a-fini.o)
                              /Users/jaredwuerzburger/Library/Application Support/Pebble SDK/SDKs/4.9.148/toolchain/arm-none-eabi/bin/../lib/gcc/arm-none-eabi/14.2.1/../../../../arm-none-eabi/lib/thumb/v7-m/nofp/crt0.o (__libc_fini_array)
/Users/jaredwuerzburger/Library/Application Support/Pebble SDK/SDKs/4.9.148/toolchain/arm-none-eabi/bin/../lib/gcc/arm-none-eabi/14.2.1/../../../../arm-none-eabi/lib/thumb/v7-m/nofp/libc.a(libc_a-lock.o)
                              /Users/jaredwuerzburger/Library/Application Support/Pebble SDK/SDKs/4.9.148/toolchain/arm-none-eabi/bin/../lib/gcc/arm-none-eabi/14.2.1/../../../../arm-none-eabi/lib/thumb/v7-m/nofp/libc.a(libc_a-findfp.o) (__retarget_lock_init_recursive)
/Users/jaredwuerzburger/Library/Application Support/Pebble SDK/SDKs/4.9.148/toolchain/arm-none-eabi/bin/../lib/gcc/arm-none-eabi/14.2.1/../../../../arm-none-eabi/lib/thumb/v7-m/nofp/libc.a(libc_a-__atexit.o)
                              /Users/jaredwuerzburger/Library/Application Support/Pebble SDK/SDKs/4.9.148/toolchain/arm-none-eabi/bin/../lib/gcc/arm-none-eabi/14.2.1/../../../../arm-none-eabi/lib/thumb/v7-m/nofp/libc.a(libc_a-atexit.o) (__register_exitproc)
/Users/jaredwuerzburger/Library/Application Support/Pebble SDK/SDKs/4.9.148/toolchain/arm-none-eabi/bin/../lib/gcc/arm-none-eabi/14.2.1/../../../../arm-none-eabi/lib/thumb/v7-m/nofp/libc.a(libc_a-__call_atexit.o)
                              /Users/jaredwuerzburger/Library/Application Support/Pebble SDK/SDKs/4.9.148/toolchain/arm-none-eabi/bin/../lib/gcc/arm-none-eabi/14.2.1/../../../../arm-none-eabi/lib/thumb/v7-m/nofp/libc.a(libc_a-exit.o) (__call_exitprocs)
/Users/jaredwuerzburger/Library/Application Support/Pebble SDK/SDKs/4.9.148/toolchain/arm-none-eabi/bin/../lib/gcc/arm-none-eabi/14.2.1/../../../../arm-none-eabi/lib/thumb/v7-m/nofp/libc.a(libc_a-mallocr.o)
                              /Users/jaredwuerzburger/Library/Application Support/Pebble SDK/SDKs/4.9.148/toolchain/arm-none-eabi/bin/../lib/gcc/arm-none-eabi/14.2.1/../../../../arm-none-eabi/lib/thumb/v7-m/nofp/libc.a(libc_a-findfp.o) (_malloc_r)
[...]
Memory Configuration

Name             Origin             Length             Attributes
APP              0x00000000         0x00006000         xrw
*default*        0x00000000         0xffffffff

Linker script and memory map

LOAD /Users/jaredwuerzburger/Library/Application Support/Pebble SDK/SDKs/4.9.148/toolchain/arm-none-eabi/bin/../lib/gcc/arm-none-eabi/14.2.1/thumb/v7-m/nofp/crti.o
LOAD /Users/jaredwuerzburger/Library/Application Support/Pebble SDK/SDKs/4.9.148/toolchain/arm-none-eabi/bin/../lib/gcc/arm-none-eabi/14.2.1/thumb/v7-m/nofp/crtbegin.o
LOAD /Users/jaredwuerzburger/Library/Application Support/Pebble SDK/SDKs/4.9.148/toolchain/arm-none-eabi/bin/../lib/gcc/arm-none-eabi/14.2.1/../../../../arm-none-eabi/lib/thumb/v7-m/nofp/crt0.o
LOAD src/c/Pebble Points.c.57.o
LOAD aplite/appinfo.auto.c.57.o
LOAD aplite/src/resource_ids.auto.c.57.o
LOAD src/message_keys.auto.c.57.o
LOAD /Users/jaredwuerzburger/Library/Application Support/Pebble SDK/SDKs/current/sdk-core/pebble/aplite/lib/libpebble.a
LOAD /Users/jaredwuerzburger/Documents/GitHub/Pebble-Points/node_modules/@rebble/clay/dist/binaries/aplite/@rebble/libclay.a
START GROUP
LOAD /Users/jaredwuerzburger/Library/Application Support/Pebble SDK/SDKs/4.9.148/toolchain/arm-none-eabi/bin/../lib/gcc/arm-none-eabi/14.2.1/thumb/v7-m/nofp/libgcc.a
LOAD /Users/jaredwuerzburger/Library/Application Support/Pebble SDK/SDKs/4.9.148/toolchain/arm-none-eabi/bin/../lib/gcc/arm-none-eabi/14.2.1/../../../../arm-none-eabi/lib/thumb/v7-m/nofp/libc.a
END GROUP
LOAD /Users/jaredwuerzburger/Library/Application Support/Pebble SDK/SDKs/4.9.148/toolchain/arm-none-eabi/bin/../lib/gcc/arm-none-eabi/14.2.1/thumb/v7-m/nofp/crtend.o
LOAD /Users/jaredwuerzburger/Library/Application Support/Pebble SDK/SDKs/4.9.148/toolchain/arm-none-eabi/bin/../lib/gcc/arm-none-eabi/14.2.1/thumb/v7-m/nofp/crtn.o

.header         0x00000000       0x82
 *(.pbl_header)
 .pbl_header    0x00000000       0x82 aplite/appinfo.auto.c.57.o
                0x00000000                __pbl_app_info

.note.gnu.build-id
                0x00000082       0x26
                [!provide]                        PROVIDE (BUILD_ID = .)
 *(.note.gnu.build-id)
 *fill*         0x00000082        0x2 
 .note.gnu.build-id
                0x00000084       0x24 linker stubs

.text           0x000000a8     0x2df9
 *(.text)
 .text          0x000000a8       0x14 /Users/jaredwuerzburger/Library/Application Support/Pebble SDK/SDKs/current/sdk-core/pebble/aplite/lib/libpebble.a(tmp7jpKUopebble.o)
 *(.text.*)
 .text.layout_get_config
                0x000000bc      0x11c src/c/Pebble Points.c.57.o
 .text.score_delta_clear
                0x000001d8       0x1c src/c/Pebble Points.c.57.o
 .text.score_step_normalize
                0x000001f4       0x10 src/c/Pebble Points.c.57.o
 .text.score_step_get
                0x00000204       0x10 src/c/Pebble Points.c.57.o
 .text.haptics_enabled
                0x00000214       0x34 src/c/Pebble Points.c.57.o
 .text.score_step_set
                0x00000248       0x1c src/c/Pebble Points.c.57.o
 .text.replay_track_get_ordered
                0x00000264       0x26 src/c/Pebble Points.c.57.o
 *fill*         0x0000028a        0x2 
 .text.game_store_promote_to_top
                0x0000028c       0x80 src/c/Pebble Points.c.57.o
 .text.main_menu_get_num_sections
                0x0000030c        0x4 src/c/Pebble Points.c.57.o
 .text.main_menu_get_num_rows
                0x00000310        0x4 src/c/Pebble Points.c.57.o
 .text.continue_menu_get_num_rows
                0x00000314       0x14 src/c/Pebble Points.c.57.o
 .text.slash_animation_setup
                0x00000328       0x30 src/c/Pebble Points.c.57.o
 .text.pop_animation_setup
                0x00000358       0x30 src/c/Pebble Points.c.57.o
 .text.border_animation_setup
                0x00000388       0x1c src/c/Pebble Points.c.57.o
 .text.inbox_dropped_handler
                0x000003a4       0x24 src/c/Pebble Points.c.57.o
 .text.replay_cancel_timer
                0x000003c8       0x18 src/c/Pebble Points.c.57.o
 .text.prv_replay_window_unload
                0x000003e0       0x44 src/c/Pebble Points.c.57.o
 .text.animation_cancel_active
                0x00000424       0x2c src/c/Pebble Points.c.57.o
 .text.slash_animation_teardown
                0x00000450       0x24 src/c/Pebble Points.c.57.o
 .text.pop_animation_teardown
                0x00000474       0x24 src/c/Pebble Points.c.57.o
 .text.game_store_save
                0x00000498       0x14 src/c/Pebble Points.c.57.o
 .text.game_session_init_defaults
                0x000004ac       0x68 src/c/Pebble Points.c.57.o
 .text.border_animation_teardown
                0x00000514       0x38 src/c/Pebble Points.c.57.o
 .text.border_animation_update
                0x0000054c       0x14 src/c/Pebble Points.c.57.o
 .text.prv_replay_click_config_provider
                0x00000560       0x24 src/c/Pebble Points.c.57.o
 .text.prv_click_config_provider
                0x00000584       0x44 src/c/Pebble Points.c.57.o
 .text.haptics_short_pulse_if_enabled
                0x000005c8       0x12 src/c/Pebble Points.c.57.o
 *fill*         0x000005da        0x2 
 .text.prv_game_action_window_unload
                0x000005dc       0x2c src/c/Pebble Points.c.57.o
 .text.prv_settings_window_unload
                0x00000608       0x2c src/c/Pebble Points.c.57.o
 .text.prv_continue_menu_window_unload
                0x00000634       0x2c src/c/Pebble Points.c.57.o
 .text.prv_main_menu_window_unload
                0x00000660       0x2c src/c/Pebble Points.c.57.o
 .text.prv_game_action_window_load
                0x0000068c      0x168 src/c/Pebble Points.c.57.o
 .text.prv_settings_window_load
                0x000007f4      0x14c src/c/Pebble Points.c.57.o
 .text.prv_continue_menu_window_load
                0x00000940      0x14c src/c/Pebble Points.c.57.o
 .text.prv_main_menu_window_load
                0x00000a8c      0x14c src/c/Pebble Points.c.57.o
 .text.main_menu_draw_row
                0x00000bd8       0xbc src/c/Pebble Points.c.57.o
 .text.score_delta_track.part.0
                0x00000c94       0x40 src/c/Pebble Points.c.57.o
 .text.slash_animation_update
                0x00000cd4       0x24 src/c/Pebble Points.c.57.o
 .text.pop_animation_update
                0x00000cf8       0x24 src/c/Pebble Points.c.57.o
 .text.replay_track_clear
                0x00000d1c        0x8 src/c/Pebble Points.c.57.o
 .text.replay_track_save_slot
                0x00000d24       0x18 src/c/Pebble Points.c.57.o
 .text.replay_track_append_snapshot
                0x00000d3c       0xcc src/c/Pebble Points.c.57.o
 .text.replay_track_record_score_change
                0x00000e08       0x5c src/c/Pebble Points.c.57.o
 .text.replay_track_seed_from_game
                0x00000e64       0x3c src/c/Pebble Points.c.57.o
 .text.replay_tracks_sync_with_store
                0x00000ea0       0x5c src/c/Pebble Points.c.57.o
 .text.game_store_continue_game.part.0
                0x00000efc       0x64 src/c/Pebble Points.c.57.o
 .text.game_store_ensure_active
                0x00000f60       0x94 src/c/Pebble Points.c.57.o
 .text.settings_menu_draw_row
                0x00000ff4       0x78 src/c/Pebble Points.c.57.o
 .text.settings_menu_select
                0x0000106c       0x68 src/c/Pebble Points.c.57.o
 .text.game_action_get_num_rows
                0x000010d4        0x4 src/c/Pebble Points.c.57.o
 .text.continue_menu_get_num_sections
                0x000010d8        0x4 src/c/Pebble Points.c.57.o
 .text.format_timestamp_short.constprop.0
                0x000010dc       0x3c src/c/Pebble Points.c.57.o
 .text.continue_menu_draw_row
                0x00001118       0xa8 src/c/Pebble Points.c.57.o
 .text.game_session_save.constprop.0
                0x000011c0       0x7c src/c/Pebble Points.c.57.o
 .text.prv_game_window_unload
                0x0000123c       0xa0 src/c/Pebble Points.c.57.o
 .text.continue_menu_select
                0x000012dc       0x44 src/c/Pebble Points.c.57.o
 .text.prv_game_layer_update_proc
                0x00001320      0x354 src/c/Pebble Points.c.57.o
 .text.settings_menu_get_num_rows
                0x00001674        0x4 src/c/Pebble Points.c.57.o
 .text.settings_menu_get_num_sections
                0x00001678        0x4 src/c/Pebble Points.c.57.o
 .text.game_action_get_num_sections
                0x0000167c        0x4 src/c/Pebble Points.c.57.o
 .text.render_player_scores
                0x00001680       0xa8 src/c/Pebble Points.c.57.o
 .text.prv_game_window_load
                0x00001728       0x7c src/c/Pebble Points.c.57.o
 .text.prv_replay_window_load
                0x000017a4       0x4c src/c/Pebble Points.c.57.o
 .text.replay_apply_checkpoint
                0x000017f0       0x6c src/c/Pebble Points.c.57.o
 .text.replay_set_complete
                0x0000185c       0x50 src/c/Pebble Points.c.57.o
 .text.replay_timer_callback
                0x000018ac       0x90 src/c/Pebble Points.c.57.o
 .text.prv_down_click_handler
                0x0000193c       0xac src/c/Pebble Points.c.57.o
 .text.prv_select_long_click_handler
                0x000019e8       0x98 src/c/Pebble Points.c.57.o
 .text.prv_select_click_handler
                0x00001a80       0xcc src/c/Pebble Points.c.57.o
 .text.replay_begin_playback
                0x00001b4c       0xa4 src/c/Pebble Points.c.57.o
 .text.prv_replay_up_click_handler
                0x00001bf0       0x14 src/c/Pebble Points.c.57.o
 .text.game_action_select
                0x00001c04       0xd4 src/c/Pebble Points.c.57.o
 .text.inbox_received_handler
                0x00001cd8      0x230 src/c/Pebble Points.c.57.o
 .text.game_action_draw_row
                0x00001f08       0x94 src/c/Pebble Points.c.57.o
 .text.prv_up_click_handler
                0x00001f9c       0xac src/c/Pebble Points.c.57.o
 .text.prv_replay_select_click_handler
                0x00002048       0xd4 src/c/Pebble Points.c.57.o
 .text.main_menu_select
                0x0000211c      0x134 src/c/Pebble Points.c.57.o
 .text.startup.main
                0x00002250      0x3c4 src/c/Pebble Points.c.57.o
                0x00002250                main
 .text.app_event_loop
                0x00002614        0xc /Users/jaredwuerzburger/Library/Application Support/Pebble SDK/SDKs/current/sdk-core/pebble/aplite/lib/libpebble.a(tmp7jpKUopebble.o)
                0x00002614                app_event_loop
 .text.app_log  0x00002620        0xc /Users/jaredwuerzburger/Library/Application Support/Pebble SDK/SDKs/current/sdk-core/pebble/aplite/lib/libpebble.a(tmp7jpKUopebble.o)
                0x00002620                app_log
 .text.app_message_open
                0x0000262c        0xc /Users/jaredwuerzburger/Library/Application Support/Pebble SDK/SDKs/current/sdk-core/pebble/aplite/lib/libpebble.a(tmp7jpKUopebble.o)
                0x0000262c                app_message_open
 .text.app_timer_cancel
                0x00002638        0xc /Users/jaredwuerzburger/Library/Application Support/Pebble SDK/SDKs/current/sdk-core/pebble/aplite/lib/libpebble.a(tmp7jpKUopebble.o)
                0x00002638                app_timer_cancel
 .text.app_timer_register
                0x00002644        0xc /Users/jaredwuerzburger/Library/Application Support/Pebble SDK/SDKs/current/sdk-core/pebble/aplite/lib/libpebble.a(tmp7jpKUopebble.o)
                0x00002644                app_timer_register
 .text.atoi     0x00002650        0xc /Users/jaredwuerzburger/Library/Application Support/Pebble SDK/SDKs/current/sdk-core/pebble/aplite/lib/libpebble.a(tmp7jpKUopebble.o)
                0x00002650                atoi
 .text.dict_find
                0x0000265c        0xc /Users/jaredwuerzburger/Library/Application Support/Pebble SDK/SDKs/current/sdk-core/pebble/aplite/lib/libpebble.a(tmp7jpKUopebble.o)
                0x0000265c                dict_find
 .text.fonts_get_system_font
                0x00002668        0xc /Users/jaredwuerzburger/Library/Application Support/Pebble SDK/SDKs/current/sdk-core/pebble/aplite/lib/libpebble.a(tmp7jpKUopebble.o)
                0x00002668                fonts_get_system_font
 .text.graphics_draw_rect
                0x00002674        0xc /Users/jaredwuerzburger/Library/Application Support/Pebble SDK/SDKs/current/sdk-core/pebble/aplite/lib/libpebble.a(tmp7jpKUopebble.o)
                0x00002674                graphics_draw_rect
 .text.graphics_fill_rect
                0x00002680        0xc /Users/jaredwuerzburger/Library/Application Support/Pebble SDK/SDKs/current/sdk-core/pebble/aplite/lib/libpebble.a(tmp7jpKUopebble.o)
                0x00002680                graphics_fill_rect
 .text.layer_add_child
                0x0000268c        0xc /Users/jaredwuerzburger/Library/Application Support/Pebble SDK/SDKs/current/sdk-core/pebble/aplite/lib/libpebble.a(tmp7jpKUopebble.o)
                0x0000268c                layer_add_child
 .text.layer_create
                0x00002698        0xc /Users/jaredwuerzburger/Library/Application Support/Pebble SDK/SDKs/current/sdk-core/pebble/aplite/lib/libpebble.a(tmp7jpKUopebble.o)
                0x00002698                layer_create
 .text.layer_destroy
                0x000026a4        0xc /Users/jaredwuerzburger/Library/Application Support/Pebble SDK/SDKs/current/sdk-core/pebble/aplite/lib/libpebble.a(tmp7jpKUopebble.o)
                0x000026a4                layer_destroy
 .text.layer_get_bounds
                0x000026b0        0xc /Users/jaredwuerzburger/Library/Application Support/Pebble SDK/SDKs/current/sdk-core/pebble/aplite/lib/libpebble.a(tmp7jpKUopebble.o)
                0x000026b0                layer_get_bounds
 .text.layer_mark_dirty
                0x000026bc        0xc /Users/jaredwuerzburger/Library/Application Support/Pebble SDK/SDKs/current/sdk-core/pebble/aplite/lib/libpebble.a(tmp7jpKUopebble.o)
                0x000026bc                layer_mark_dirty
 .text.layer_set_update_proc
                0x000026c8        0xc /Users/jaredwuerzburger/Library/Application Support/Pebble SDK/SDKs/current/sdk-core/pebble/aplite/lib/libpebble.a(tmp7jpKUopebble.o)
                0x000026c8                layer_set_update_proc
 .text.memcpy   0x000026d4        0xc /Users/jaredwuerzburger/Library/Application Support/Pebble SDK/SDKs/current/sdk-core/pebble/aplite/lib/libpebble.a(tmp7jpKUopebble.o)
                0x000026d4                memcpy
 .text.memmove  0x000026e0        0xc /Users/jaredwuerzburger/Library/Application Support/Pebble SDK/SDKs/current/sdk-core/pebble/aplite/lib/libpebble.a(tmp7jpKUopebble.o)
                0x000026e0                memmove
 .text.memset   0x000026ec        0xc /Users/jaredwuerzburger/Library/Application Support/Pebble SDK/SDKs/current/sdk-core/pebble/aplite/lib/libpebble.a(tmp7jpKUopebble.o)
                0x000026ec                memset
 .text.menu_cell_basic_draw
                0x000026f8        0xc /Users/jaredwuerzburger/Library/Application Support/Pebble SDK/SDKs/current/sdk-core/pebble/aplite/lib/libpebble.a(tmp7jpKUopebble.o)
                0x000026f8                menu_cell_basic_draw
 .text.menu_layer_destroy
                0x00002704        0xc /Users/jaredwuerzburger/Library/Application Support/Pebble SDK/SDKs/current/sdk-core/pebble/aplite/lib/libpebble.a(tmp7jpKUopebble.o)
                0x00002704                menu_layer_destroy
 .text.menu_layer_get_layer
                0x00002710        0xc /Users/jaredwuerzburger/Library/Application Support/Pebble SDK/SDKs/current/sdk-core/pebble/aplite/lib/libpebble.a(tmp7jpKUopebble.o)
                0x00002710                menu_layer_get_layer
 .text.menu_layer_reload_data
                0x0000271c        0xc /Users/jaredwuerzburger/Library/Application Support/Pebble SDK/SDKs/current/sdk-core/pebble/aplite/lib/libpebble.a(tmp7jpKUopebble.o)
                0x0000271c                menu_layer_reload_data
 .text.menu_layer_set_click_config_onto_window
                0x00002728        0xc /Users/jaredwuerzburger/Library/Application Support/Pebble SDK/SDKs/current/sdk-core/pebble/aplite/lib/libpebble.a(tmp7jpKUopebble.o)
                0x00002728                menu_layer_set_click_config_onto_window
 .text.snprintf
                0x00002734        0xc /Users/jaredwuerzburger/Library/Application Support/Pebble SDK/SDKs/current/sdk-core/pebble/aplite/lib/libpebble.a(tmp7jpKUopebble.o)
                0x00002734                snprintf
 .text.strcmp   0x00002740        0xc /Users/jaredwuerzburger/Library/Application Support/Pebble SDK/SDKs/current/sdk-core/pebble/aplite/lib/libpebble.a(tmp7jpKUopebble.o)
                0x00002740                strcmp
 .text.strcpy   0x0000274c        0xc /Users/jaredwuerzburger/Library/Application Support/Pebble SDK/SDKs/current/sdk-core/pebble/aplite/lib/libpebble.a(tmp7jpKUopebble.o)
                0x0000274c                strcpy
 .text.strftime
                0x00002758        0xc /Users/jaredwuerzburger/Library/Application Support/Pebble SDK/SDKs/current/sdk-core/pebble/aplite/lib/libpebble.a(tmp7jpKUopebble.o)
                0x00002758                strftime
 .text.vibes_double_pulse
                0x00002764        0xc /Users/jaredwuerzburger/Library/Application Support/Pebble SDK/SDKs/current/sdk-core/pebble/aplite/lib/libpebble.a(tmp7jpKUopebble.o)
                0x00002764                vibes_double_pulse
 .text.vibes_long_pulse
                0x00002770        0xc /Users/jaredwuerzburger/Library/Application Support/Pebble SDK/SDKs/current/sdk-core/pebble/aplite/lib/libpebble.a(tmp7jpKUopebble.o)
                0x00002770                vibes_long_pulse
 .text.vibes_short_pulse
                0x0000277c        0xc /Users/jaredwuerzburger/Library/Application Support/Pebble SDK/SDKs/current/sdk-core/pebble/aplite/lib/libpebble.a(tmp7jpKUopebble.o)
                0x0000277c                vibes_short_pulse
 .text.window_create
                0x00002788        0xc /Users/jaredwuerzburger/Library/Application Support/Pebble SDK/SDKs/current/sdk-core/pebble/aplite/lib/libpebble.a(tmp7jpKUopebble.o)
                0x00002788                window_create
 .text.window_destroy
                0x00002794        0xc /Users/jaredwuerzburger/Library/Application Support/Pebble SDK/SDKs/current/sdk-core/pebble/aplite/lib/libpebble.a(tmp7jpKUopebble.o)
                0x00002794                window_destroy
 .text.window_get_root_layer
                0x000027a0        0xc /Users/jaredwuerzburger/Library/Application Support/Pebble SDK/SDKs/current/sdk-core/pebble/aplite/lib/libpebble.a(tmp7jpKUopebble.o)
                0x000027a0                window_get_root_layer
 .text.window_set_click_config_provider
                0x000027ac        0xc /Users/jaredwuerzburger/Library/Application Support/Pebble SDK/SDKs/current/sdk-core/pebble/aplite/lib/libpebble.a(tmp7jpKUopebble.o)
                0x000027ac                window_set_click_config_provider
 .text.window_set_window_handlers
                0x000027b8        0xc /Users/jaredwuerzburger/Library/Application Support/Pebble SDK/SDKs/current/sdk-core/pebble/aplite/lib/libpebble.a(tmp7jpKUopebble.o)
                0x000027b8                window_set_window_handlers
 .text.window_stack_pop
                0x000027c4        0xc /Users/jaredwuerzburger/Library/Application Support/Pebble SDK/SDKs/current/sdk-core/pebble/aplite/lib/libpebble.a(tmp7jpKUopebble.o)
                0x000027c4                window_stack_pop
 .text.window_stack_push
                0x000027d0        0xc /Users/jaredwuerzburger/Library/Application Support/Pebble SDK/SDKs/current/sdk-core/pebble/aplite/lib/libpebble.a(tmp7jpKUopebble.o)
                0x000027d0                window_stack_push
 .text.window_stack_remove
                0x000027dc        0xc /Users/jaredwuerzburger/Library/Application Support/Pebble SDK/SDKs/current/sdk-core/pebble/aplite/lib/libpebble.a(tmp7jpKUopebble.o)
                0x000027dc                window_stack_remove
 .text.app_message_register_inbox_dropped
                0x000027e8        0xc /Users/jaredwuerzburger/Library/Application Support/Pebble SDK/SDKs/current/sdk-core/pebble/aplite/lib/libpebble.a(tmp7jpKUopebble.o)
                0x000027e8                app_message_register_inbox_dropped
 .text.app_message_register_inbox_received
                0x000027f4        0xc /Users/jaredwuerzburger/Library/Application Support/Pebble SDK/SDKs/current/sdk-core/pebble/aplite/lib/libpebble.a(tmp7jpKUopebble.o)
                0x000027f4                app_message_register_inbox_received
 .text.window_long_click_subscribe
                0x00002800        0xc /Users/jaredwuerzburger/Library/Application Support/Pebble SDK/SDKs/current/sdk-core/pebble/aplite/lib/libpebble.a(tmp7jpKUopebble.o)
                0x00002800                window_long_click_subscribe
 .text.window_single_click_subscribe
                0x0000280c        0xc /Users/jaredwuerzburger/Library/Application Support/Pebble SDK/SDKs/current/sdk-core/pebble/aplite/lib/libpebble.a(tmp7jpKUopebble.o)
                0x0000280c                window_single_click_subscribe
 .text.graphics_draw_text
                0x00002818        0xc /Users/jaredwuerzburger/Library/Application Support/Pebble SDK/SDKs/current/sdk-core/pebble/aplite/lib/libpebble.a(tmp7jpKUopebble.o)
                0x00002818                graphics_draw_text
 .text.persist_read_data
                0x00002824        0xc /Users/jaredwuerzburger/Library/Application Support/Pebble SDK/SDKs/current/sdk-core/pebble/aplite/lib/libpebble.a(tmp7jpKUopebble.o)
                0x00002824                persist_read_data
 .text.persist_write_data
                0x00002830        0xc /Users/jaredwuerzburger/Library/Application Support/Pebble SDK/SDKs/current/sdk-core/pebble/aplite/lib/libpebble.a(tmp7jpKUopebble.o)
                0x00002830                persist_write_data
 .text.graphics_context_set_fill_color
                0x0000283c        0xc /Users/jaredwuerzburger/Library/Application Support/Pebble SDK/SDKs/current/sdk-core/pebble/aplite/lib/libpebble.a(tmp7jpKUopebble.o)
                0x0000283c                graphics_context_set_fill_color
 .text.graphics_context_set_stroke_color
                0x00002848        0xc /Users/jaredwuerzburger/Library/Application Support/Pebble SDK/SDKs/current/sdk-core/pebble/aplite/lib/libpebble.a(tmp7jpKUopebble.o)
                0x00002848                graphics_context_set_stroke_color
 .text.graphics_context_set_text_color
                0x00002854        0xc /Users/jaredwuerzburger/Library/Application Support/Pebble SDK/SDKs/current/sdk-core/pebble/aplite/lib/libpebble.a(tmp7jpKUopebble.o)
                0x00002854                graphics_context_set_text_color
 .text.window_set_background_color
                0x00002860        0xc /Users/jaredwuerzburger/Library/Application Support/Pebble SDK/SDKs/current/sdk-core/pebble/aplite/lib/libpebble.a(tmp7jpKUopebble.o)
                0x00002860                window_set_background_color
 .text.localtime
                0x0000286c        0xc /Users/jaredwuerzburger/Library/Application Support/Pebble SDK/SDKs/current/sdk-core/pebble/aplite/lib/libpebble.a(tmp7jpKUopebble.o)
                0x0000286c                localtime
 .text.animation_create
                0x00002878        0xc /Users/jaredwuerzburger/Library/Application Support/Pebble SDK/SDKs/current/sdk-core/pebble/aplite/lib/libpebble.a(tmp7jpKUopebble.o)
                0x00002878                animation_create
 .text.animation_destroy
                0x00002884        0xc /Users/jaredwuerzburger/Library/Application Support/Pebble SDK/SDKs/current/sdk-core/pebble/aplite/lib/libpebble.a(tmp7jpKUopebble.o)
                0x00002884                animation_destroy
 .text.animation_schedule
                0x00002890        0xc /Users/jaredwuerzburger/Library/Application Support/Pebble SDK/SDKs/current/sdk-core/pebble/aplite/lib/libpebble.a(tmp7jpKUopebble.o)
                0x00002890                animation_schedule
 .text.animation_set_curve
                0x0000289c        0xc /Users/jaredwuerzburger/Library/Application Support/Pebble SDK/SDKs/current/sdk-core/pebble/aplite/lib/libpebble.a(tmp7jpKUopebble.o)
                0x0000289c                animation_set_curve
 .text.animation_set_duration
                0x000028a8        0xc /Users/jaredwuerzburger/Library/Application Support/Pebble SDK/SDKs/current/sdk-core/pebble/aplite/lib/libpebble.a(tmp7jpKUopebble.o)
                0x000028a8                animation_set_duration
 .text.animation_set_implementation
                0x000028b4        0xc /Users/jaredwuerzburger/Library/Application Support/Pebble SDK/SDKs/current/sdk-core/pebble/aplite/lib/libpebble.a(tmp7jpKUopebble.o)
                0x000028b4                animation_set_implementation
 .text.animation_unschedule
                0x000028c0        0xc /Users/jaredwuerzburger/Library/Application Support/Pebble SDK/SDKs/current/sdk-core/pebble/aplite/lib/libpebble.a(tmp7jpKUopebble.o)
                0x000028c0                animation_unschedule
 .text.menu_layer_create
                0x000028cc        0xc /Users/jaredwuerzburger/Library/Application Support/Pebble SDK/SDKs/current/sdk-core/pebble/aplite/lib/libpebble.a(tmp7jpKUopebble.o)
                0x000028cc                menu_layer_create
 .text.graphics_context_set_stroke_width
                0x000028d8        0xc /Users/jaredwuerzburger/Library/Application Support/Pebble SDK/SDKs/current/sdk-core/pebble/aplite/lib/libpebble.a(tmp7jpKUopebble.o)
                0x000028d8                graphics_context_set_stroke_width
 .text.text_layer_create
                0x000028e4        0xc /Users/jaredwuerzburger/Library/Application Support/Pebble SDK/SDKs/current/sdk-core/pebble/aplite/lib/libpebble.a(tmp7jpKUopebble.o)
                0x000028e4                text_layer_create
 .text.text_layer_destroy
                0x000028f0        0xc /Users/jaredwuerzburger/Library/Application Support/Pebble SDK/SDKs/current/sdk-core/pebble/aplite/lib/libpebble.a(tmp7jpKUopebble.o)
                0x000028f0                text_layer_destroy
 .text.text_layer_get_layer
                0x000028fc        0xc /Users/jaredwuerzburger/Library/Application Support/Pebble SDK/SDKs/current/sdk-core/pebble/aplite/lib/libpebble.a(tmp7jpKUopebble.o)
                0x000028fc                text_layer_get_layer
 .text.text_layer_set_background_color
                0x00002908        0xc /Users/jaredwuerzburger/Library/Application Support/Pebble SDK/SDKs/current/sdk-core/pebble/aplite/lib/libpebble.a(tmp7jpKUopebble.o)
                0x00002908                text_layer_set_background_color
 .text.text_layer_set_font
                0x00002914        0xc /Users/jaredwuerzburger/Library/Application Support/Pebble SDK/SDKs/current/sdk-core/pebble/aplite/lib/libpebble.a(tmp7jpKUopebble.o)
                0x00002914                text_layer_set_font
 .text.text_layer_set_text
                0x00002920        0xc /Users/jaredwuerzburger/Library/Application Support/Pebble SDK/SDKs/current/sdk-core/pebble/aplite/lib/libpebble.a(tmp7jpKUopebble.o)
                0x00002920                text_layer_set_text
 .text.text_layer_set_text_alignment
                0x0000292c        0xc /Users/jaredwuerzburger/Library/Application Support/Pebble SDK/SDKs/current/sdk-core/pebble/aplite/lib/libpebble.a(tmp7jpKUopebble.o)
                0x0000292c                text_layer_set_text_alignment
 .text.text_layer_set_text_color
                0x00002938        0xc /Users/jaredwuerzburger/Library/Application Support/Pebble SDK/SDKs/current/sdk-core/pebble/aplite/lib/libpebble.a(tmp7jpKUopebble.o)
                0x00002938                text_layer_set_text_color
 .text.time     0x00002944        0xc /Users/jaredwuerzburger/Library/Application Support/Pebble SDK/SDKs/current/sdk-core/pebble/aplite/lib/libpebble.a(tmp7jpKUopebble.o)
                0x00002944                time
 .text.menu_layer_set_highlight_colors
                0x00002950        0xc /Users/jaredwuerzburger/Library/Application Support/Pebble SDK/SDKs/current/sdk-core/pebble/aplite/lib/libpebble.a(tmp7jpKUopebble.o)
                0x00002950                menu_layer_set_highlight_colors
 .text.menu_layer_set_normal_colors
                0x0000295c        0xc /Users/jaredwuerzburger/Library/Application Support/Pebble SDK/SDKs/current/sdk-core/pebble/aplite/lib/libpebble.a(tmp7jpKUopebble.o)
                0x0000295c                menu_layer_set_normal_colors
 .text.menu_layer_set_callbacks
                0x00002968        0xc /Users/jaredwuerzburger/Library/Application Support/Pebble SDK/SDKs/current/sdk-core/pebble/aplite/lib/libpebble.a(tmp7jpKUopebble.o)
                0x00002968                menu_layer_set_callbacks
 *(.rodata)
 *(.rodata*)
 .rodata.slash_animation_setup.str1.1
                0x00002974      0x52a src/c/Pebble Points.c.57.o
                                 0x37 (size before relaxing)
 .rodata.pop_animation_setup.str1.1
                0x00002e9e       0x25 src/c/Pebble Points.c.57.o
 .rodata.border_animation_setup.str1.1
                0x00002e9e       0x1a src/c/Pebble Points.c.57.o
 .rodata.inbox_dropped_handler.str1.1
                0x00002e9e       0x22 src/c/Pebble Points.c.57.o
 .rodata.slash_animation_teardown.str1.1
                0x00002e9e       0x19 src/c/Pebble Points.c.57.o
 .rodata.pop_animation_teardown.str1.1
                0x00002e9e       0x17 src/c/Pebble Points.c.57.o
 .rodata.game_session_init_defaults.str1.1
                0x00002e9e        0xc src/c/Pebble Points.c.57.o
 .rodata.border_animation_teardown.str1.1
                0x00002e9e       0x1a src/c/Pebble Points.c.57.o
 .rodata.prv_game_action_window_load.str1.1
                0x00002e9e       0x23 src/c/Pebble Points.c.57.o
 .rodata.prv_settings_window_load.str1.1
                0x00002e9e        0x9 src/c/Pebble Points.c.57.o
 .rodata.prv_continue_menu_window_load.str1.1
                0x00002e9e        0xe src/c/Pebble Points.c.57.o
 .rodata.main_menu_draw_row.str1.1
                0x00002e9e       0x5b src/c/Pebble Points.c.57.o
 .rodata.slash_animation_update.str1.1
                0x00002e9e       0x19 src/c/Pebble Points.c.57.o
 .rodata.pop_animation_update.str1.1
                0x00002e9e       0x17 src/c/Pebble Points.c.57.o
 .rodata.settings_menu_draw_row.str1.1
                0x00002e9e       0x1e src/c/Pebble Points.c.57.o
 .rodata.settings_menu_select.str1.1
                0x00002e9e       0x1f src/c/Pebble Points.c.57.o
 .rodata.format_timestamp_short.constprop.0.str1.1
                0x00002e9e       0x18 src/c/Pebble Points.c.57.o
 .rodata.continue_menu_draw_row.str1.1
                0x00002e9e       0x29 src/c/Pebble Points.c.57.o
 .rodata.prv_game_window_unload.str1.1
                0x00002e9e       0x23 src/c/Pebble Points.c.57.o
 .rodata.prv_game_layer_update_proc.str1.1
                0x00002e9e       0x88 src/c/Pebble Points.c.57.o
 .rodata.render_player_scores.str1.1
                0x00002e9e        0x6 src/c/Pebble Points.c.57.o
 .rodata.prv_game_window_load.str1.1
                0x00002e9e       0x33 src/c/Pebble Points.c.57.o
 .rodata.prv_down_click_handler.str1.1
                0x00002e9e       0x27 src/c/Pebble Points.c.57.o
 .rodata.prv_select_long_click_handler.str1.1
                0x00002e9e       0x72 src/c/Pebble Points.c.57.o
 .rodata.prv_select_click_handler.str1.1
                0x00002e9e       0x1d src/c/Pebble Points.c.57.o
 .rodata.inbox_received_handler.str1.1
                0x00002e9e       0xc0 src/c/Pebble Points.c.57.o
 .rodata.game_action_draw_row.str1.1
                0x00002e9e       0x5b src/c/Pebble Points.c.57.o
 .rodata.prv_up_click_handler.str1.1
                0x00002e9e       0x25 src/c/Pebble Points.c.57.o
 .rodata.main.str1.1
                0x00002e9e       0x36 src/c/Pebble Points.c.57.o
 .rodata.SCORE_STEP_OPTIONS
                0x00002e9e        0x3 src/c/Pebble Points.c.57.o

.glue_7         0x00002ea4        0x0
 .glue_7        0x00002ea4        0x0 linker stubs

.glue_7t        0x00002ea4        0x0
 .glue_7t       0x00002ea4        0x0 linker stubs

.vfp11_veneer   0x00002ea4        0x0
 .vfp11_veneer  0x00002ea4        0x0 linker stubs

.v4_bx          0x00002ea4        0x0
 .v4_bx         0x00002ea4        0x0 linker stubs

.init           0x00002ea4        0x4
 .init          0x00002ea4        0x4 /Users/jaredwuerzburger/Library/Application Support/Pebble SDK/SDKs/4.9.148/toolchain/arm-none-eabi/bin/../lib/gcc/arm-none-eabi/14.2.1/thumb/v7-m/nofp/crti.o
                0x00002ea4                _init

.fini           0x00002ea8        0x4
 .fini          0x00002ea8        0x4 /Users/jaredwuerzburger/Library/Application Support/Pebble SDK/SDKs/4.9.148/toolchain/arm-none-eabi/bin/../lib/gcc/arm-none-eabi/14.2.1/thumb/v7-m/nofp/crti.o
                0x00002ea8                _fini

.iplt           0x00002eac        0x0
 .iplt          0x00002eac        0x0 src/c/Pebble Points.c.57.o

.rel.dyn        0x00002eac        0x0
 .rel.iplt      0x00002eac        0x0 src/c/Pebble Points.c.57.o
 .rel.got       0x00002eac        0x0 src/c/Pebble Points.c.57.o

.data           0x00002eac       0x48
 *(.data)
 .data          0x00002eac        0x0 /Users/jaredwuerzburger/Library/Application Support/Pebble SDK/SDKs/4.9.148/toolchain/arm-none-eabi/bin/../lib/gcc/arm-none-eabi/14.2.1/thumb/v7-m/nofp/crti.o
 .data          0x00002eac        0x0 /Users/jaredwuerzburger/Library/Application Support/Pebble SDK/SDKs/4.9.148/toolchain/arm-none-eabi/bin/../lib/gcc/arm-none-eabi/14.2.1/thumb/v7-m/nofp/crtbegin.o
 .data          0x00002eac        0x0 /Users/jaredwuerzburger/Library/Application Support/Pebble SDK/SDKs/4.9.148/toolchain/arm-none-eabi/bin/../lib/gcc/arm-none-eabi/14.2.1/../../../../arm-none-eabi/lib/thumb/v7-m/nofp/crt0.o
 .data          0x00002eac        0x0 src/c/Pebble Points.c.57.o
 .data          0x00002eac        0x0 aplite/appinfo.auto.c.57.o
 .data          0x00002eac        0x0 aplite/src/resource_ids.auto.c.57.o
 .data          0x00002eac        0x0 src/message_keys.auto.c.57.o
 .data          0x00002eac        0x0 /Users/jaredwuerzburger/Library/Application Support/Pebble SDK/SDKs/current/sdk-core/pebble/aplite/lib/libpebble.a(tmp7jpKUopebble.o)
 .data          0x00002eac        0x0 /Users/jaredwuerzburger/Library/Application Support/Pebble SDK/SDKs/4.9.148/toolchain/arm-none-eabi/bin/../lib/gcc/arm-none-eabi/14.2.1/../../../../arm-none-eabi/lib/thumb/v7-m/nofp/libc.a(libc_a-atexit.o)
 .data          0x00002eac        0x0 /Users/jaredwuerzburger/Library/Application Support/Pebble SDK/SDKs/4.9.148/toolchain/arm-none-eabi/bin/../lib/gcc/arm-none-eabi/14.2.1/../../../../arm-none-eabi/lib/thumb/v7-m/nofp/libc.a(libc_a-exit.o)
 .data          0x00002eac        0x0 /Users/jaredwuerzburger/Library/Application Support/Pebble SDK/SDKs/4.9.148/toolchain/arm-none-eabi/bin/../lib/gcc/arm-none-eabi/14.2.1/../../../../arm-none-eabi/lib/thumb/v7-m/nofp/libc.a(libc_a-findfp.o)
 .data          0x00002eac        0x0 /Users/jaredwuerzburger/Library/Application Support/Pebble SDK/SDKs/4.9.148/toolchain/arm-none-eabi/bin/../lib/gcc/arm-none-eabi/14.2.1/../../../../arm-none-eabi/lib/thumb/v7-m/nofp/libc.a(libc_a-impure.o)
 .data          0x00002eac        0x0 /Users/jaredwuerzburger/Library/Application Support/Pebble SDK/SDKs/4.9.148/toolchain/arm-none-eabi/bin/../lib/gcc/arm-none-eabi/14.2.1/../../../../arm-none-eabi/lib/thumb/v7-m/nofp/libc.a(libc_a-init.o)
 .data          0x00002eac        0x0 /Users/jaredwuerzburger/Library/Application Support/Pebble SDK/SDKs/4.9.148/toolchain/arm-none-eabi/bin/../lib/gcc/arm-none-eabi/14.2.1/../../../../arm-none-eabi/lib/thumb/v7-m/nofp/libc.a(libc_a-fini.o)
 .data          0x00002eac        0x0 /Users/jaredwuerzburger/Library/Application Support/Pebble SDK/SDKs/4.9.148/toolchain/arm-none-eabi/bin/../lib/gcc/arm-none-eabi/14.2.1/../../../../arm-none-eabi/lib/thumb/v7-m/nofp/libc.a(libc_a-lock.o)
 .data          0x00002eac        0x0 /Users/jaredwuerzburger/Library/Application Support/Pebble SDK/SDKs/4.9.148/toolchain/arm-none-eabi/bin/../lib/gcc/arm-none-eabi/14.2.1/../../../../arm-none-eabi/lib/thumb/v7-m/nofp/libc.a(libc_a-__atexit.o)
 .data          0x00002eac        0x0 /Users/jaredwuerzburger/Library/Application Support/Pebble SDK/SDKs/4.9.148/toolchain/arm-none-eabi/bin/../lib/gcc/arm-none-eabi/14.2.1/../../../../arm-none-eabi/lib/thumb/v7-m/nofp/libc.a(libc_a-__call_atexit.o)
 .data          0x00002eac        0x0 /Users/jaredwuerzburger/Library/Application Support/Pebble SDK/SDKs/4.9.148/toolchain/arm-none-eabi/bin/../lib/gcc/arm-none-eabi/14.2.1/../../../../arm-none-eabi/lib/thumb/v7-m/nofp/libc.a(libc_a-mallocr.o)
 .data          0x00002eac        0x0 /Users/jaredwuerzburger/Library/Application Support/Pebble SDK/SDKs/4.9.148/toolchain/arm-none-eabi/bin/../lib/gcc/arm-none-eabi/14.2.1/../../../../arm-none-eabi/lib/thumb/v7-m/nofp/libc.a(libc_a-mlock.o)
 .data          0x00002eac        0x0 /Users/jaredwuerzburger/Library/Application Support/Pebble SDK/SDKs/4.9.148/toolchain/arm-none-eabi/bin/../lib/gcc/arm-none-eabi/14.2.1/../../../../arm-none-eabi/lib/thumb/v7-m/nofp/libc.a(libc_a-fwalk.o)
 .data          0x00002eac        0x0 /Users/jaredwuerzburger/Library/Application Support/Pebble SDK/SDKs/4.9.148/toolchain/arm-none-eabi/bin/../lib/gcc/arm-none-eabi/14.2.1/../../../../arm-none-eabi/lib/thumb/v7-m/nofp/libc.a(libc_a-fclose.o)
 .data          0x00002eac        0x0 /Users/jaredwuerzburger/Library/Application Support/Pebble SDK/SDKs/4.9.148/toolchain/arm-none-eabi/bin/../lib/gcc/arm-none-eabi/14.2.1/../../../../arm-none-eabi/lib/thumb/v7-m/nofp/libc.a(libc_a-fflush.o)
 .data          0x00002eac        0x0 /Users/jaredwuerzburger/Library/Application Support/Pebble SDK/SDKs/4.9.148/toolchain/arm-none-eabi/bin/../lib/gcc/arm-none-eabi/14.2.1/../../../../arm-none-eabi/lib/thumb/v7-m/nofp/libc.a(libc_a-stdio.o)
 .data          0x00002eac        0x0 /Users/jaredwuerzburger/Library/Application Support/Pebble SDK/SDKs/4.9.148/toolchain/arm-none-eabi/bin/../lib/gcc/arm-none-eabi/14.2.1/../../../../arm-none-eabi/lib/thumb/v7-m/nofp/libc.a(libc_a-closer.o)
 .data          0x00002eac        0x0 /Users/jaredwuerzburger/Library/Application Support/Pebble SDK/SDKs/4.9.148/toolchain/arm-none-eabi/bin/../lib/gcc/arm-none-eabi/14.2.1/../../../../arm-none-eabi/lib/thumb/v7-m/nofp/libc.a(libc_a-reent.o)
 .data          0x00002eac        0x0 /Users/jaredwuerzburger/Library/Application Support/Pebble SDK/SDKs/4.9.148/toolchain/arm-none-eabi/bin/../lib/gcc/arm-none-eabi/14.2.1/../../../../arm-none-eabi/lib/thumb/v7-m/nofp/libc.a(libc_a-lseekr.o)
 .data          0x00002eac        0x0 /Users/jaredwuerzburger/Library/Application Support/Pebble SDK/SDKs/4.9.148/toolchain/arm-none-eabi/bin/../lib/gcc/arm-none-eabi/14.2.1/../../../../arm-none-eabi/lib/thumb/v7-m/nofp/libc.a(libc_a-readr.o)
 .data          0x00002eac        0x0 /Users/jaredwuerzburger/Library/Application Support/Pebble SDK/SDKs/4.9.148/toolchain/arm-none-eabi/bin/../lib/gcc/arm-none-eabi/14.2.1/../../../../arm-none-eabi/lib/thumb/v7-m/nofp/libc.a(libc_a-sbrkr.o)
 .data          0x00002eac        0x0 /Users/jaredwuerzburger/Library/Application Support/Pebble SDK/SDKs/4.9.148/toolchain/arm-none-eabi/bin/../lib/gcc/arm-none-eabi/14.2.1/../../../../arm-none-eabi/lib/thumb/v7-m/nofp/libc.a(libc_a-writer.o)
 .data          0x00002eac        0x0 /Users/jaredwuerzburger/Library/Application Support/Pebble SDK/SDKs/4.9.148/toolchain/arm-none-eabi/bin/../lib/gcc/arm-none-eabi/14.2.1/../../../../arm-none-eabi/lib/thumb/v7-m/nofp/libc.a(libc_a-sysconf.o)
 .data          0x00002eac        0x0 /Users/jaredwuerzburger/Library/Application Support/Pebble SDK/SDKs/4.9.148/toolchain/arm-none-eabi/bin/../lib/gcc/arm-none-eabi/14.2.1/../../../../arm-none-eabi/lib/thumb/v7-m/nofp/libc.a(libc_a-freer.o)
 .data          0x00002eac        0x0 /Users/jaredwuerzburger/Library/Application Support/Pebble SDK/SDKs/4.9.148/toolchain/arm-none-eabi/bin/../lib/gcc/arm-none-eabi/14.2.1/../../../../arm-none-eabi/lib/thumb/v7-m/nofp/libc.a(libc_a-errno.o)
 .data          0x00002eac        0x0 /Users/jaredwuerzburger/Library/Application Support/Pebble SDK/SDKs/4.9.148/toolchain/arm-none-eabi/bin/../lib/gcc/arm-none-eabi/14.2.1/thumb/v7-m/nofp/crtend.o
 .data          0x00002eac        0x0 /Users/jaredwuerzburger/Library/Application Support/Pebble SDK/SDKs/4.9.148/toolchain/arm-none-eabi/bin/../lib/gcc/arm-none-eabi/14.2.1/thumb/v7-m/nofp/crtn.o
 *(.data.*)
 .data.rel.ro.local.border_animation_impl
                0x00002eac        0xc src/c/Pebble Points.c.57.o
 .data.rel.ro.local.slash_animation_impl
                0x00002eb8        0xc src/c/Pebble Points.c.57.o
 .data.rel.ro.local.pop_animation_impl
                0x00002ec4        0xc src/c/Pebble Points.c.57.o
 .data.s_last_delta_player
                0x00002ed0        0x4 src/c/Pebble Points.c.57.o
 .data.s_active_game_index
                0x00002ed4        0x4 src/c/Pebble Points.c.57.o
 .data.MESSAGE_KEY_playerCount
                0x00002ed8        0x4 src/message_keys.auto.c.57.o
                0x00002ed8                MESSAGE_KEY_playerCount
 .data.MESSAGE_KEY_player4Name
                0x00002edc        0x4 src/message_keys.auto.c.57.o
                0x00002edc                MESSAGE_KEY_player4Name
 .data.MESSAGE_KEY_player3Name
                0x00002ee0        0x4 src/message_keys.auto.c.57.o
                0x00002ee0                MESSAGE_KEY_player3Name
 .data.MESSAGE_KEY_player2Name
                0x00002ee4        0x4 src/message_keys.auto.c.57.o
                0x00002ee4                MESSAGE_KEY_player2Name
 .data.MESSAGE_KEY_player1Name
                0x00002ee8        0x4 src/message_keys.auto.c.57.o
                0x00002ee8                MESSAGE_KEY_player1Name
 .data.MESSAGE_KEY_enableHaptics
                0x00002eec        0x4 src/message_keys.auto.c.57.o
                0x00002eec                MESSAGE_KEY_enableHaptics
 .data.MESSAGE_KEY_enableConfetti
                0x00002ef0        0x4 src/message_keys.auto.c.57.o
                0x00002ef0                MESSAGE_KEY_enableConfetti

.igot.plt       0x00002ef4        0x0
 .igot.plt      0x00002ef4        0x0 src/c/Pebble Points.c.57.o

.got            0x00002ef4       0x1c
 .got           0x00002ef4       0x1c src/c/Pebble Points.c.57.o

.got.plt        0x00002f10        0xc
 .got.plt       0x00002f10        0xc src/c/Pebble Points.c.57.o
                0x00002f10                _GLOBAL_OFFSET_TABLE_

.bss            0x00002f1c      0x77c
 *(.bss)
 *(.bss.*)
 .bss.settings_subtitle.0
                0x00002f1c       0x18 src/c/Pebble Points.c.57.o
 .bss.subtitle.1
                0x00002f34       0x18 src/c/Pebble Points.c.57.o
 .bss.subtitle.2
                0x00002f4c       0x20 src/c/Pebble Points.c.57.o
 .bss.title.3   0x00002f6c       0x20 src/c/Pebble Points.c.57.o
 .bss.modified.4
                0x00002f8c       0x10 src/c/Pebble Points.c.57.o
 .bss.created.5
                0x00002f9c       0x10 src/c/Pebble Points.c.57.o
 .bss.title.6   0x00002fac       0x18 src/c/Pebble Points.c.57.o
 .bss.title_text.7
                0x00002fc4       0x18 src/c/Pebble Points.c.57.o
 .bss.s_confetti_ctx
                0x00002fdc       0xd0 src/c/Pebble Points.c.57.o
 .bss.s_floating_texts
                0x000030ac       0x60 src/c/Pebble Points.c.57.o
 .bss.s_anim_context
                0x0000310c       0x10 src/c/Pebble Points.c.57.o
 .bss.s_name_text
                0x0000311c       0x40 src/c/Pebble Points.c.57.o
 .bss.s_score_text
                0x0000315c       0x40 src/c/Pebble Points.c.57.o
 .bss.s_last_delta_value
                0x0000319c        0x4 src/c/Pebble Points.c.57.o
 .bss.s_replay_timer
                0x000031a0        0x4 src/c/Pebble Points.c.57.o
 .bss.s_consume_next_game_select
                0x000031a4        0x1 src/c/Pebble Points.c.57.o
 .bss.s_replay_complete
                0x000031a5        0x1 src/c/Pebble Points.c.57.o
 .bss.s_replay_mode
                0x000031a6        0x1 src/c/Pebble Points.c.57.o
 *fill*         0x000031a7        0x1 
 .bss.s_replay_play_index
                0x000031a8        0x4 src/c/Pebble Points.c.57.o
 .bss.s_replay_view_game
                0x000031ac       0x64 src/c/Pebble Points.c.57.o
 .bss.s_replay_seed_game
                0x00003210       0x64 src/c/Pebble Points.c.57.o
 .bss.s_replay_source_index
                0x00003274        0x1 src/c/Pebble Points.c.57.o
 .bss.s_selected_continue_index
                0x00003275        0x1 src/c/Pebble Points.c.57.o
 *fill*         0x00003276        0x2 
 .bss.s_game_action_title_layer
                0x00003278        0x4 src/c/Pebble Points.c.57.o
 .bss.s_settings_title_layer
                0x0000327c        0x4 src/c/Pebble Points.c.57.o
 .bss.s_continue_menu_title_layer
                0x00003280        0x4 src/c/Pebble Points.c.57.o
 .bss.s_main_menu_title_layer
                0x00003284        0x4 src/c/Pebble Points.c.57.o
 .bss.s_game_action_menu_layer
                0x00003288        0x4 src/c/Pebble Points.c.57.o
 .bss.s_settings_menu_layer
                0x0000328c        0x4 src/c/Pebble Points.c.57.o
 .bss.s_continue_menu_layer
                0x00003290        0x4 src/c/Pebble Points.c.57.o
 .bss.s_main_menu_layer
                0x00003294        0x4 src/c/Pebble Points.c.57.o
 .bss.s_replay_layer
                0x00003298        0x4 src/c/Pebble Points.c.57.o
 .bss.s_game_layer
                0x0000329c        0x4 src/c/Pebble Points.c.57.o
 .bss.s_replay_window
                0x000032a0        0x4 src/c/Pebble Points.c.57.o
 .bss.s_game_action_window
                0x000032a4        0x4 src/c/Pebble Points.c.57.o
 .bss.s_settings_window
                0x000032a8        0x4 src/c/Pebble Points.c.57.o
 .bss.s_game_window
                0x000032ac        0x4 src/c/Pebble Points.c.57.o
 .bss.s_continue_menu_window
                0x000032b0        0x4 src/c/Pebble Points.c.57.o
 .bss.s_main_menu_window
                0x000032b4        0x4 src/c/Pebble Points.c.57.o
 .bss.s_replay_tracks
                0x000032b8      0x24c src/c/Pebble Points.c.57.o
 .bss.s_store   0x00003504      0x130 src/c/Pebble Points.c.57.o
 .bss.s_game    0x00003634       0x64 src/c/Pebble Points.c.57.o

DISCARD
 libc.a(*)
 libm.a(*)
 libgcc.a(*)
 *(.eh_frame)
OUTPUT(/Users/jaredwuerzburger/Documents/GitHub/Pebble-Points/build/aplite/pebble-app.elf elf32-littlearm)
LOAD linker stubs
LOAD /Users/jaredwuerzburger/Library/Application Support/Pebble SDK/SDKs/4.9.148/toolchain/arm-none-eabi/bin/../lib/gcc/arm-none-eabi/14.2.1/../../../../arm-none-eabi/lib/thumb/v7-m/nofp/libc.a
LOAD /Users/jaredwuerzburger/Library/Application Support/Pebble SDK/SDKs/4.9.148/toolchain/arm-none-eabi/bin/../lib/gcc/arm-none-eabi/14.2.1/../../../../arm-none-eabi/lib/thumb/v7-m/nofp/libm.a
LOAD /Users/jaredwuerzburger/Library/Application Support/Pebble SDK/SDKs/4.9.148/toolchain/arm-none-eabi/bin/../lib/gcc/arm-none-eabi/14.2.1/thumb/v7-m/nofp/libgcc.a

.ARM.attributes
                0x00000000       0x29
 .ARM.attributes
                0x00000000       0x1d /Users/jaredwuerzburger/Library/Application Support/Pebble SDK/SDKs/4.9.148/toolchain/arm-none-eabi/bin/../lib/gcc/arm-none-eabi/14.2.1/thumb/v7-m/nofp/crti.o
 .ARM.attributes
                0x0000001d       0x2d /Users/jaredwuerzburger/Library/Application Support/Pebble SDK/SDKs/4.9.148/toolchain/arm-none-eabi/bin/../lib/gcc/arm-none-eabi/14.2.1/thumb/v7-m/nofp/crtbegin.o
 .ARM.attributes
                0x0000004a       0x1b /Users/jaredwuerzburger/Library/Application Support/Pebble SDK/SDKs/4.9.148/toolchain/arm-none-eabi/bin/../lib/gcc/arm-none-eabi/14.2.1/../../../../arm-none-eabi/lib/thumb/v7-m/nofp/crt0.o
 .ARM.attributes
                0x00000065       0x2d src/c/Pebble Points.c.57.o
 .ARM.attributes
                0x00000092       0x2d aplite/appinfo.auto.c.57.o
 .ARM.attributes
                0x000000bf       0x2d aplite/src/resource_ids.auto.c.57.o
 .ARM.attributes
                0x000000ec       0x2d src/message_keys.auto.c.57.o
 .ARM.attributes
                0x00000119       0x21 /Users/jaredwuerzburger/Library/Application Support/Pebble SDK/SDKs/current/sdk-core/pebble/aplite/lib/libpebble.a(tmp7jpKUopebble.o)
 .ARM.attributes
                0x0000013a       0x2d /Users/jaredwuerzburger/Library/Application Support/Pebble SDK/SDKs/4.9.148/toolchain/arm-none-eabi/bin/../lib/gcc/arm-none-eabi/14.2.1/../../../../arm-none-eabi/lib/thumb/v7-m/nofp/libc.a(libc_a-atexit.o)
 .ARM.attributes
                0x00000167       0x2d /Users/jaredwuerzburger/Library/Application Support/Pebble SDK/SDKs/4.9.148/toolchain/arm-none-eabi/bin/../lib/gcc/arm-none-eabi/14.2.1/../../../../arm-none-eabi/lib/thumb/v7-m/nofp/libc.a(libc_a-exit.o)
 .ARM.attributes
                0x00000194       0x2d /Users/jaredwuerzburger/Library/Application Support/Pebble SDK/SDKs/4.9.148/toolchain/arm-none-eabi/bin/../lib/gcc/arm-none-eabi/14.2.1/../../../../arm-none-eabi/lib/thumb/v7-m/nofp/libc.a(libc_a-findfp.o)
 .ARM.attributes
                0x000001c1       0x2d /Users/jaredwuerzburger/Library/Application Support/Pebble SDK/SDKs/4.9.148/toolchain/arm-none-eabi/bin/../lib/gcc/arm-none-eabi/14.2.1/../../../../arm-none-eabi/lib/thumb/v7-m/nofp/libc.a(libc_a-impure.o)
 .ARM.attributes
                0x000001ee       0x2d /Users/jaredwuerzburger/Library/Application Support/Pebble SDK/SDKs/4.9.148/toolchain/arm-none-eabi/bin/../lib/gcc/arm-none-eabi/14.2.1/../../../../arm-none-eabi/lib/thumb/v7-m/nofp/libc.a(libc_a-init.o)
 .ARM.attributes
                0x0000021b       0x2d /Users/jaredwuerzburger/Library/Application Support/Pebble SDK/SDKs/4.9.148/toolchain/arm-none-eabi/bin/../lib/gcc/arm-none-eabi/14.2.1/../../../../arm-none-eabi/lib/thumb/v7-m/nofp/libc.a(libc_a-fini.o)
 .ARM.attributes
                0x00000248       0x2d /Users/jaredwuerzburger/Library/Application Support/Pebble SDK/SDKs/4.9.148/toolchain/arm-none-eabi/bin/../lib/gcc/arm-none-eabi/14.2.1/../../../../arm-none-eabi/lib/thumb/v7-m/nofp/libc.a(libc_a-lock.o)
 .ARM.attributes
                0x00000275       0x2d /Users/jaredwuerzburger/Library/Application Support/Pebble SDK/SDKs/4.9.148/toolchain/arm-none-eabi/bin/../lib/gcc/arm-none-eabi/14.2.1/../../../../arm-none-eabi/lib/thumb/v7-m/nofp/libc.a(libc_a-__atexit.o)
 .ARM.attributes
                0x000002a2       0x2d /Users/jaredwuerzburger/Library/Application Support/Pebble SDK/SDKs/4.9.148/toolchain/arm-none-eabi/bin/../lib/gcc/arm-none-eabi/14.2.1/../../../../arm-none-eabi/lib/thumb/v7-m/nofp/libc.a(libc_a-__call_atexit.o)
 .ARM.attributes
                0x000002cf       0x2d /Users/jaredwuerzburger/Library/Application Support/Pebble SDK/SDKs/4.9.148/toolchain/arm-none-eabi/bin/../lib/gcc/arm-none-eabi/14.2.1/../../../../arm-none-eabi/lib/thumb/v7-m/nofp/libc.a(libc_a-mallocr.o)
 .ARM.attributes
                0x000002fc       0x2d /Users/jaredwuerzburger/Library/Application Support/Pebble SDK/SDKs/4.9.148/toolchain/arm-none-eabi/bin/../lib/gcc/arm-none-eabi/14.2.1/../../../../arm-none-eabi/lib/thumb/v7-m/nofp/libc.a(libc_a-mlock.o)
 .ARM.attributes
                0x00000329       0x2d /Users/jaredwuerzburger/Library/Application Support/Pebble SDK/SDKs/4.9.148/toolchain/arm-none-eabi/bin/../lib/gcc/arm-none-eabi/14.2.1/../../../../arm-none-eabi/lib/thumb/v7-m/nofp/libc.a(libc_a-fwalk.o)
 .ARM.attributes
                0x00000356       0x2d /Users/jaredwuerzburger/Library/Application Support/Pebble SDK/SDKs/4.9.148/toolchain/arm-none-eabi/bin/../lib/gcc/arm-none-eabi/14.2.1/../../../../arm-none-eabi/lib/thumb/v7-m/nofp/libc.a(libc_a-fclose.o)
 .ARM.attributes
                0x00000383       0x2d /Users/jaredwuerzburger/Library/Application Support/Pebble SDK/SDKs/4.9.148/toolchain/arm-none-eabi/bin/../lib/gcc/arm-none-eabi/14.2.1/../../../../arm-none-eabi/lib/thumb/v7-m/nofp/libc.a(libc_a-fflush.o)
 .ARM.attributes
                0x000003b0       0x2d /Users/jaredwuerzburger/Library/Application Support/Pebble SDK/SDKs/4.9.148/toolchain/arm-none-eabi/bin/../lib/gcc/arm-none-eabi/14.2.1/../../../../arm-none-eabi/lib/thumb/v7-m/nofp/libc.a(libc_a-stdio.o)
 .ARM.attributes
                0x000003dd       0x2d /Users/jaredwuerzburger/Library/Application Support/Pebble SDK/SDKs/4.9.148/toolchain/arm-none-eabi/bin/../lib/gcc/arm-none-eabi/14.2.1/../../../../arm-none-eabi/lib/thumb/v7-m/nofp/libc.a(libc_a-closer.o)
 .ARM.attributes
                0x0000040a       0x2d /Users/jaredwuerzburger/Library/Application Support/Pebble SDK/SDKs/4.9.148/toolchain/arm-none-eabi/bin/../lib/gcc/arm-none-eabi/14.2.1/../../../../arm-none-eabi/lib/thumb/v7-m/nofp/libc.a(libc_a-reent.o)
 .ARM.attributes
                0x00000437       0x2d /Users/jaredwuerzburger/Library/Application Support/Pebble SDK/SDKs/4.9.148/toolchain/arm-none-eabi/bin/../lib/gcc/arm-none-eabi/14.2.1/../../../../arm-none-eabi/lib/thumb/v7-m/nofp/libc.a(libc_a-lseekr.o)
 .ARM.attributes
                0x00000464       0x2d /Users/jaredwuerzburger/Library/Application Support/Pebble SDK/SDKs/4.9.148/toolchain/arm-none-eabi/bin/../lib/gcc/arm-none-eabi/14.2.1/../../../../arm-none-eabi/lib/thumb/v7-m/nofp/libc.a(libc_a-readr.o)
 .ARM.attributes
                0x00000491       0x2d /Users/jaredwuerzburger/Library/Application Support/Pebble SDK/SDKs/4.9.148/toolchain/arm-none-eabi/bin/../lib/gcc/arm-none-eabi/14.2.1/../../../../arm-none-eabi/lib/thumb/v7-m/nofp/libc.a(libc_a-sbrkr.o)
 .ARM.attributes
                0x000004be       0x2d /Users/jaredwuerzburger/Library/Application Support/Pebble SDK/SDKs/4.9.148/toolchain/arm-none-eabi/bin/../lib/gcc/arm-none-eabi/14.2.1/../../../../arm-none-eabi/lib/thumb/v7-m/nofp/libc.a(libc_a-writer.o)
 .ARM.attributes
                0x000004eb       0x2d /Users/jaredwuerzburger/Library/Application Support/Pebble SDK/SDKs/4.9.148/toolchain/arm-none-eabi/bin/../lib/gcc/arm-none-eabi/14.2.1/../../../../arm-none-eabi/lib/thumb/v7-m/nofp/libc.a(libc_a-sysconf.o)
 .ARM.attributes
                0x00000518       0x2d /Users/jaredwuerzburger/Library/Application Support/Pebble SDK/SDKs/4.9.148/toolchain/arm-none-eabi/bin/../lib/gcc/arm-none-eabi/14.2.1/../../../../arm-none-eabi/lib/thumb/v7-m/nofp/libc.a(libc_a-freer.o)
 .ARM.attributes
                0x00000545       0x2d /Users/jaredwuerzburger/Library/Application Support/Pebble SDK/SDKs/4.9.148/toolchain/arm-none-eabi/bin/../lib/gcc/arm-none-eabi/14.2.1/../../../../arm-none-eabi/lib/thumb/v7-m/nofp/libc.a(libc_a-errno.o)
 .ARM.attributes
                0x00000572       0x2d /Users/jaredwuerzburger/Library/Application Support/Pebble SDK/SDKs/4.9.148/toolchain/arm-none-eabi/bin/../lib/gcc/arm-none-eabi/14.2.1/thumb/v7-m/nofp/crtend.o
 .ARM.attributes
                0x0000059f       0x1d /Users/jaredwuerzburger/Library/Application Support/Pebble SDK/SDKs/4.9.148/toolchain/arm-none-eabi/bin/../lib/gcc/arm-none-eabi/14.2.1/thumb/v7-m/nofp/crtn.o

.comment        0x00000000       0x38
 .comment       0x00000000       0x38 /Users/jaredwuerzburger/Library/Application Support/Pebble SDK/SDKs/4.9.148/toolchain/arm-none-eabi/bin/../lib/gcc/arm-none-eabi/14.2.1/thumb/v7-m/nofp/crtbegin.o
                                 0x39 (size before relaxing)
 .comment       0x00000038       0x39 src/c/Pebble Points.c.57.o
 .comment       0x00000038       0x39 aplite/appinfo.auto.c.57.o
 .comment       0x00000038       0x39 aplite/src/resource_ids.auto.c.57.o
 .comment       0x00000038       0x39 src/message_keys.auto.c.57.o
 .comment       0x00000038       0x39 /Users/jaredwuerzburger/Library/Application Support/Pebble SDK/SDKs/4.9.148/toolchain/arm-none-eabi/bin/../lib/gcc/arm-none-eabi/14.2.1/../../../../arm-none-eabi/lib/thumb/v7-m/nofp/libc.a(libc_a-atexit.o)
 .comment       0x00000038       0x39 /Users/jaredwuerzburger/Library/Application Support/Pebble SDK/SDKs/4.9.148/toolchain/arm-none-eabi/bin/../lib/gcc/arm-none-eabi/14.2.1/../../../../arm-none-eabi/lib/thumb/v7-m/nofp/libc.a(libc_a-exit.o)
 .comment       0x00000038       0x39 /Users/jaredwuerzburger/Library/Application Support/Pebble SDK/SDKs/4.9.148/toolchain/arm-none-eabi/bin/../lib/gcc/arm-none-eabi/14.2.1/../../../../arm-none-eabi/lib/thumb/v7-m/nofp/libc.a(libc_a-findfp.o)
 .comment       0x00000038       0x39 /Users/jaredwuerzburger/Library/Application Support/Pebble SDK/SDKs/4.9.148/toolchain/arm-none-eabi/bin/../lib/gcc/arm-none-eabi/14.2.1/../../../../arm-none-eabi/lib/thumb/v7-m/nofp/libc.a(libc_a-impure.o)
 .comment       0x00000038       0x39 /Users/jaredwuerzburger/Library/Application Support/Pebble SDK/SDKs/4.9.148/toolchain/arm-none-eabi/bin/../lib/gcc/arm-none-eabi/14.2.1/../../../../arm-none-eabi/lib/thumb/v7-m/nofp/libc.a(libc_a-init.o)
 .comment       0x00000038       0x39 /Users/jaredwuerzburger/Library/Application Support/Pebble SDK/SDKs/4.9.148/toolchain/arm-none-eabi/bin/../lib/gcc/arm-none-eabi/14.2.1/../../../../arm-none-eabi/lib/thumb/v7-m/nofp/libc.a(libc_a-fini.o)
 .comment       0x00000038       0x39 /Users/jaredwuerzburger/Library/Application Support/Pebble SDK/SDKs/4.9.148/toolchain/arm-none-eabi/bin/../lib/gcc/arm-none-eabi/14.2.1/../../../../arm-none-eabi/lib/thumb/v7-m/nofp/libc.a(libc_a-lock.o)
 .comment       0x00000038       0x39 /Users/jaredwuerzburger/Library/Application Support/Pebble SDK/SDKs/4.9.148/toolchain/arm-none-eabi/bin/../lib/gcc/arm-none-eabi/14.2.1/../../../../arm-none-eabi/lib/thumb/v7-m/nofp/libc.a(libc_a-__atexit.o)
 .comment       0x00000038       0x39 /Users/jaredwuerzburger/Library/Application Support/Pebble SDK/SDKs/4.9.148/toolchain/arm-none-eabi/bin/../lib/gcc/arm-none-eabi/14.2.1/../../../../arm-none-eabi/lib/thumb/v7-m/nofp/libc.a(libc_a-__call_atexit.o)
 .comment       0x00000038       0x39 /Users/jaredwuerzburger/Library/Application Support/Pebble SDK/SDKs/4.9.148/toolchain/arm-none-eabi/bin/../lib/gcc/arm-none-eabi/14.2.1/../../../../arm-none-eabi/lib/thumb/v7-m/nofp/libc.a(libc_a-mallocr.o)
 .comment       0x00000038       0x39 /Users/jaredwuerzburger/Library/Application Support/Pebble SDK/SDKs/4.9.148/toolchain/arm-none-eabi/bin/../lib/gcc/arm-none-eabi/14.2.1/../../../../arm-none-eabi/lib/thumb/v7-m/nofp/libc.a(libc_a-mlock.o)
 .comment       0x00000038       0x39 /Users/jaredwuerzburger/Library/Application Support/Pebble SDK/SDKs/4.9.148/toolchain/arm-none-eabi/bin/../lib/gcc/arm-none-eabi/14.2.1/../../../../arm-none-eabi/lib/thumb/v7-m/nofp/libc.a(libc_a-fwalk.o)
 .comment       0x00000038       0x39 /Users/jaredwuerzburger/Library/Application Support/Pebble SDK/SDKs/4.9.148/toolchain/arm-none-eabi/bin/../lib/gcc/arm-none-eabi/14.2.1/../../../../arm-none-eabi/lib/thumb/v7-m/nofp/libc.a(libc_a-fclose.o)
 .comment       0x00000038       0x39 /Users/jaredwuerzburger/Library/Application Support/Pebble SDK/SDKs/4.9.148/toolchain/arm-none-eabi/bin/../lib/gcc/arm-none-eabi/14.2.1/../../../../arm-none-eabi/lib/thumb/v7-m/nofp/libc.a(libc_a-fflush.o)
 .comment       0x00000038       0x39 /Users/jaredwuerzburger/Library/Application Support/Pebble SDK/SDKs/4.9.148/toolchain/arm-none-eabi/bin/../lib/gcc/arm-none-eabi/14.2.1/../../../../arm-none-eabi/lib/thumb/v7-m/nofp/libc.a(libc_a-stdio.o)
 .comment       0x00000038       0x39 /Users/jaredwuerzburger/Library/Application Support/Pebble SDK/SDKs/4.9.148/toolchain/arm-none-eabi/bin/../lib/gcc/arm-none-eabi/14.2.1/../../../../arm-none-eabi/lib/thumb/v7-m/nofp/libc.a(libc_a-closer.o)
 .comment       0x00000038       0x39 /Users/jaredwuerzburger/Library/Application Support/Pebble SDK/SDKs/4.9.148/toolchain/arm-none-eabi/bin/../lib/gcc/arm-none-eabi/14.2.1/../../../../arm-none-eabi/lib/thumb/v7-m/nofp/libc.a(libc_a-reent.o)
 .comment       0x00000038       0x39 /Users/jaredwuerzburger/Library/Application Support/Pebble SDK/SDKs/4.9.148/toolchain/arm-none-eabi/bin/../lib/gcc/arm-none-eabi/14.2.1/../../../../arm-none-eabi/lib/thumb/v7-m/nofp/libc.a(libc_a-lseekr.o)
 .comment       0x00000038       0x39 /Users/jaredwuerzburger/Library/Application Support/Pebble SDK/SDKs/4.9.148/toolchain/arm-none-eabi/bin/../lib/gcc/arm-none-eabi/14.2.1/../../../../arm-none-eabi/lib/thumb/v7-m/nofp/libc.a(libc_a-readr.o)
 .comment       0x00000038       0x39 /Users/jaredwuerzburger/Library/Application Support/Pebble SDK/SDKs/4.9.148/toolchain/arm-none-eabi/bin/../lib/gcc/arm-none-eabi/14.2.1/../../../../arm-none-eabi/lib/thumb/v7-m/nofp/libc.a(libc_a-sbrkr.o)
 .comment       0x00000038       0x39 /Users/jaredwuerzburger/Library/Application Support/Pebble SDK/SDKs/4.9.148/toolchain/arm-none-eabi/bin/../lib/gcc/arm-none-eabi/14.2.1/../../../../arm-none-eabi/lib/thumb/v7-m/nofp/libc.a(libc_a-writer.o)
 .comment       0x00000038       0x39 /Users/jaredwuerzburger/Library/Application Support/Pebble SDK/SDKs/4.9.148/toolchain/arm-none-eabi/bin/../lib/gcc/arm-none-eabi/14.2.1/../../../../arm-none-eabi/lib/thumb/v7-m/nofp/libc.a(libc_a-sysconf.o)
 .comment       0x00000038       0x39 /Users/jaredwuerzburger/Library/Application Support/Pebble SDK/SDKs/4.9.148/toolchain/arm-none-eabi/bin/../lib/gcc/arm-none-eabi/14.2.1/../../../../arm-none-eabi/lib/thumb/v7-m/nofp/libc.a(libc_a-freer.o)
 .comment       0x00000038       0x39 /Users/jaredwuerzburger/Library/Application Support/Pebble SDK/SDKs/4.9.148/toolchain/arm-none-eabi/bin/../lib/gcc/arm-none-eabi/14.2.1/../../../../arm-none-eabi/lib/thumb/v7-m/nofp/libc.a(libc_a-errno.o)
 .comment       0x00000038       0x39 /Users/jaredwuerzburger/Library/Application Support/Pebble SDK/SDKs/4.9.148/toolchain/arm-none-eabi/bin/../lib/gcc/arm-none-eabi/14.2.1/thumb/v7-m/nofp/crtend.o

.debug_info     0x00000000     0x6340
 .debug_info    0x00000000     0x5eb0 src/c/Pebble Points.c.57.o
 .debug_info    0x00005eb0      0x33e aplite/appinfo.auto.c.57.o
 .debug_info    0x000061ee       0x65 aplite/src/resource_ids.auto.c.57.o
 .debug_info    0x00006253       0xed src/message_keys.auto.c.57.o

.debug_abbrev   0x00000000      0x760
 .debug_abbrev  0x00000000      0x637 src/c/Pebble Points.c.57.o
 .debug_abbrev  0x00000637       0xb9 aplite/appinfo.auto.c.57.o
 .debug_abbrev  0x000006f0       0x26 aplite/src/resource_ids.auto.c.57.o
 .debug_abbrev  0x00000716       0x4a src/message_keys.auto.c.57.o

.debug_loclists
                0x00000000     0x2584
 .debug_loclists
                0x00000000     0x2584 src/c/Pebble Points.c.57.o

.debug_aranges  0x00000000      0x2d0
 .debug_aranges
                0x00000000      0x288 src/c/Pebble Points.c.57.o
 .debug_aranges
                0x00000288       0x18 aplite/appinfo.auto.c.57.o
 .debug_aranges
                0x000002a0       0x18 aplite/src/resource_ids.auto.c.57.o
 .debug_aranges
                0x000002b8       0x18 src/message_keys.auto.c.57.o

.debug_rnglists
                0x00000000      0x4a7
 .debug_rnglists
                0x00000000      0x4a7 src/c/Pebble Points.c.57.o

.debug_line     0x00000000     0x2cc8
 .debug_line    0x00000000     0x2961 src/c/Pebble Points.c.57.o
 .debug_line    0x00002961      0x1cf aplite/appinfo.auto.c.57.o
 .debug_line    0x00002b30       0x3f aplite/src/resource_ids.auto.c.57.o
 .debug_line    0x00002b6f      0x159 src/message_keys.auto.c.57.o

.debug_str      0x00000000     0x2781
 .debug_str     0x00000000     0x2781 src/c/Pebble Points.c.57.o
                               0x2611 (size before relaxing)
 .debug_str     0x00002781      0x4df aplite/appinfo.auto.c.57.o
 .debug_str     0x00002781      0x173 aplite/src/resource_ids.auto.c.57.o
 .debug_str     0x00002781      0x22d src/message_keys.auto.c.57.o

.debug_frame    0x00000000      0x9b8
 .debug_frame   0x00000000      0x9b8 src/c/Pebble Points.c.57.o
